2026-09-07T00:32:49.521Z	Initializing build environment...
2026-09-07T00:32:50.988Z	Success: Finished initializing build environment
2026-09-07T00:32:51.600Z	Cloning repository...
2026-09-07T00:32:53.885Z	Detected the following tools from environment: npm@10.9.2, nodejs@24.18.0
2026-09-07T00:32:53.887Z	Installing project dependencies: npm clean-install --progress=false
2026-09-07T00:33:15.462Z	
2026-09-07T00:33:15.463Z	added 215 packages in 21s
2026-09-07T00:33:15.463Z	
2026-09-07T00:33:15.463Z	57 packages are looking for funding
2026-09-07T00:33:15.463Z	  run `npm fund` for details
2026-09-07T00:33:15.463Z	npm warn allow-scripts 1 package has install scripts not yet covered by allowScripts:
2026-09-07T00:33:15.464Z	npm warn allow-scripts   esbuild@0.25.12 (postinstall: node install.js)
2026-09-07T00:33:15.464Z	npm warn allow-scripts
2026-09-07T00:33:15.464Z	npm warn allow-scripts Run `npm approve-scripts --allow-scripts-pending` to review, or `npm approve-scripts <pkg>` to allow.
2026-09-07T00:33:15.756Z	Executing user deploy command: npx wrangler deploy
2026-09-07T00:33:17.030Z	npm warn exec The following package was not found and will be installed: wrangler@4.129.0
2026-09-07T00:33:31.497Z	
2026-09-07T00:33:31.498Z	 ⛅️ wrangler 4.129.0
2026-09-07T00:33:31.499Z	────────────────────
2026-09-07T00:33:31.748Z	
2026-09-07T00:33:31.750Z	Cloudflare collects anonymous telemetry about your usage of Wrangler. Learn more at https://github.com/cloudflare/workers-sdk/tree/main/packages/wrangler/telemetry.md
2026-09-07T00:33:31.750Z	
2026-09-07T00:33:31.855Z	✘ [ERROR] The Cloudflare application detection logic has been run in the root of a workspace instead of targeting a specific project. Change your working directory to one of the applications in the workspace and try again.
2026-09-07T00:33:31.855Z	
2026-09-07T00:33:31.855Z	
2026-09-07T00:33:31.873Z	🪵  Logs were written to "/opt/buildhome/.config/.wrangler/logs/wrangler-2026-09-07_00-33-31_022.log"
2026-09-07T00:33:31.967Z	Failed: error occurred while running deploy command